searching 1
searching 281474976710657
searching 562949953421313
searching 844424930131969
searching 1125899906842625
searching 1407374883553281
searching 1688849860263937
searching 1970324836974593
searching 2251799813685249
searching 2533274790395905
searching 2814749767106561
searching 3096224743817217
searching 3377699720527873
searching 3659174697238529
searching 3940649673949185
searching 4222124650659841
searching 4503599627370497
found 4503599627370497
searching 4785074604081153
searching 5066549580791809
searching 5348024557502465
searching 5629499534213121
searching 5910974510923777
searching 6192449487634433
found 6192449487634433
searching 6473924464345089
searching 6755399441055745
searching 7036874417766401
searching 7318349394477057
searching 7599824371187713
searching 7881299347898369
searching 8162774324609025
searching 8444249301319681
searching 8725724278030337
searching 9007199254740993
searching 9288674231451649
searching 9570149208162305
searching 9851624184872961
searching 10133099161583617
searching 10414574138294273
searching 10696049115004929
searching 10977524091715585
searching 11258999068426241
searching 11540474045136897
searching 11821949021847553
searching 12103423998558209
searching 12384898975268865
searching 12666373951979521
searching 12947848928690177
searching 13229323905400833
searching 13510798882111489
searching 13792273858822145
searching 14073748835532801
searching 14355223812243457
searching 14636698788954113
searching 14918173765664769
searching 15199648742375425
searching 15481123719086081
searching 15762598695796737
searching 16044073672507393
found 16044073672507393
searching 16325548649218049
searching 16607023625928705
searching 16888498602639361
searching 17169973579350017
searching 17451448556060673
searching 17732923532771329
searching 18014398509481985
searching 18295873486192641
searching 18577348462903297
searching 18858823439613953
searching 19140298416324609
searching 19421773393035265
searching 19703248369745921
searching 19984723346456577
searching 20266198323167233
searching 20547673299877889
searching 20829148276588545
searching 21110623253299201
searching 21392098230009857
searching 21673573206720513
searching 21955048183431169
searching 22236523160141825
searching 22517998136852481
searching 22799473113563137
searching 23080948090273793
searching 23362423066984449
searching 23643898043695105
found 23643898043695105
searching 23925373020405761
searching 24206847997116417
searching 24488322973827073
searching 24769797950537729
searching 25051272927248385
found 25051272927248385
searching 25332747903959041
searching 25614222880669697
searching 25895697857380353
searching 26177172834091009
searching 26458647810801665
searching 26740122787512321
searching 27021597764222977
searching 27303072740933633
searching 27584547717644289
searching 27866022694354945
searching 28147497671065601
searching 28428972647776257
searching 28710447624486913
searching 28991922601197569
searching 29273397577908225
searching 29554872554618881
searching 29836347531329537
searching 30117822508040193
searching 30399297484750849
searching 30680772461461505
searching 30962247438172161
searching 31243722414882817
searching 31525197391593473
searching 31806672368304129
searching 32088147345014785
searching 32369622321725441
searching 32651097298436097
searching 32932572275146753
searching 33214047251857409
searching 33495522228568065
searching 33776997205278721
searching 34058472181989377
searching 34339947158700033
searching 34621422135410689
found 34621422135410689
searching 34902897112121345
found 34902897112121345
searching 35184372088832001
searching 35465847065542657
searching 35747322042253313
searching 36028797018963969
searching 36310271995674625
found 36310271995674625
searching 36591746972385281
searching 36873221949095937
searching 37154696925806593
searching 37436171902517249
snowy tundra village at 37436171902517249
